^\/v[0-9.]+\/_ping$
^\/v[0-9.]+\/info$
^\/v[0-9.]+\/version$

^\/_ping$
^\/info$
^\/version$

^\/v[0-9.]+\/containers\/json$
^\/v[0-9.]+\/containers\/[0-9a-z]+\/json$
^\/v[0-9.]+\/containers\/[0-9a-z]+\/logs$

^\/v[0-9.]+\/images\/json$
^\/v[0-9.]+\/images\/[^\/]+\/json$

^\/v[0-9.]+\/networks$
^\/v[0-9.]+\/networks\/[^\/]+$

^\/v[0-9.]+\/volumes$
^\/v[0-9.]+\/volumes\/[^\/]+$

^\/v[0-9.]+\/events$

^\/v[0-9.]+\/system/df$


# Optional
^\/v[0-9.]+\/containers\/[0-9a-z]+\/top$
^\/v[0-9.]+\/containers\/[0-9a-z]+\/stats$
^\/v[0-9.]+\/containers\/[0-9a-z]+\/wait$
^\/v[0-9.]+\/images\/[^\/]+\/history$
^\/v[0-9.]+\/exec\/[0-9a-z]+\/json$
^\/v[0-9.]+\/plugins$
^\/v[0-9.]+\/plugins\/privileges$
^\/v[0-9.]+\/plugins\/[^\/]+\/json$
^\/v[0-9.]+\/configs$
^\/v[0-9.]+\/configs\/[^\/]+$


# Optional swarm
^\/v[0-9.]+\/swarm$
^\/v[0-9.]+\/nodes$
^\/v[0-9.]+\/nodes\/[0-9a-z]+$
^\/v[0-9.]+\/services$
^\/v[0-9.]+\/services\/[^\/]+$
^\/v[0-9.]+\/services\/[^\/]+/logs$
^\/v[0-9.]+\/services$
^\/v[0-9.]+\/tasks$
^\/v[0-9.]+\/tasks\/[^\/]+$
